// Jest Snapshot v1, https://goo.gl/fbAQLP

exports[`Tooltip renders correctly with default values 1`] = `
<span
  className="weave-has-tooltip"
  data-tooltip="tooltip goes here!"
>
  This text holds a tooltip!
</span>
`;
