// Jest Snapshot v1, https://goo.gl/fbAQLP

exports[`Collection renders correctly with default values 1`] = `
<ul
  class="weave-collection"
>
  <li
    class="weave-collection__item u-inset--sm"
    style="background-color:transparent"
  >
    Item
  </li>
  <li
    class="weave-collection__item u-inset--sm weave-collection-indicator weave-collection-indicator--alert"
    style="background-color:transparent"
  >
    Item 2
  </li>
  <li
    class="weave-collection__item u-inset--sm"
    style="background-color:#D9F5F4"
  >
    Item 2
  </li>
  <li>
    Some other child
  </li>
</ul>
`;
